
> parking-front@0.0.0 dev
> vite --host 127.0.0.1 --port 5173


  [32m[1mVITE[22m v8.0.16[39m  [2mready in [0m[1m955[22m[2m[0m ms[22m

  [32m➜[39m  [1mLocal[22m:   [36mhttp://127.0.0.1:[1m5173[22m/[39m
  ➜  Vue DevTools: Open http://127.0.0.1:5173/__devtools__/ as a separate window
  ➜  Vue DevTools: Press Alt(⌥)+Shift(⇧)+D in App to toggle the Vue DevTools
[2m5:11:39 PM[22m [36m[1m[vite][22m[39m [90m[2m(client)[22m[39m [32mhmr update [39m[2m/src/assets/main.css, /src/components/parking/ReferenceParkingMap.vue, /src/components/parking/ReferenceParkingMap.vue?vue&type=style&index=0&scoped=482e7fff&lang.css[22m
[2m5:11:40 PM[22m [36m[1m[vite][22m[39m [90m[2m(client)[22m[39m [32mhmr update [39m[2m/src/assets/main.css, /src/components/parking/ReferenceParkingMap.vue, /src/components/parking/ReferenceParkingMap.vue?vue&type=style&index=0&scoped=482e7fff&lang.css[22m
[2m5:13:33 PM[22m [36m[1m[vite][22m[39m [90m[2m(client)[22m[39m [32mhmr update [39m[2m/src/components/parking/ReferenceParkingMap.vue, /src/components/parking/ReferenceParkingMap.vue?vue&type=style&index=0&scoped=482e7fff&lang.css, /src/assets/main.css[22m
[2m5:14:12 PM[22m [36m[1m[vite][22m[39m [90m[2m(client)[22m[39m [32mhmr update [39m[2m/src/components/parking/ReferenceParkingMap.vue?vue&type=style&index=0&scoped=482e7fff&lang.css, /src/assets/main.css[22m
[2m5:20:00 PM[22m [36m[1m[vite][22m[39m [90m[2m(client)[22m[39m [32mhmr update [39m[2m/src/components/parking/ReferenceParkingMap.vue, /src/assets/main.css[22m
[2m5:20:14 PM[22m [36m[1m[vite][22m[39m [90m[2m(client)[22m[39m [32mhmr update [39m[2m/src/views/staff/DashboardView.vue, /src/assets/main.css[22m
[2m5:20:30 PM[22m [36m[1m[vite][22m[39m [90m[2m(client)[22m[39m [32mhmr update [39m[2m/src/views/admin/DashboardView.vue, /src/assets/main.css[22m
[2m5:24:34 PM[22m [36m[1m[vite][22m[39m [90m[2m(client)[22m[39m [32mhmr update [39m[2m/src/components/layout/Sidebar.vue?vue&type=style&index=0&scoped=7ade5772&lang.css, /src/assets/main.css[22m
[2m5:24:41 PM[22m [36m[1m[vite][22m[39m [90m[2m(client)[22m[39m [32mhmr update [39m[2m/src/components/layout/TopBar.vue?vue&type=style&index=0&scoped=2648c9b9&lang.css, /src/assets/main.css[22m
[2m5:24:48 PM[22m [36m[1m[vite][22m[39m [90m[2m(client)[22m[39m [32mhmr update [39m[2m/src/views/staff/DashboardView.vue?vue&type=style&index=0&scoped=eed392b3&lang.css, /src/assets/main.css[22m
[2m5:25:09 PM[22m [36m[1m[vite][22m[39m [90m[2m(client)[22m[39m [32mhmr update [39m[2m/src/views/staff/HistoryView.vue?vue&type=style&index=0&scoped=4923a2e9&lang.css, /src/assets/main.css[22m
[2m5:25:16 PM[22m [36m[1m[vite][22m[39m [90m[2m(client)[22m[39m [32mhmr update [39m[2m/src/views/admin/DashboardView.vue?vue&type=style&index=0&lang.css, /src/assets/main.css[22m
[2m5:28:40 PM[22m [36m[1m[vite][22m[39m [90m[2m(client)[22m[39m [32mhmr update [39m[2m/src/views/admin/DashboardView.vue, /src/assets/main.css[22m
[2m5:28:51 PM[22m [36m[1m[vite][22m[39m [90m[2m(client)[22m[39m [32mhmr update [39m[2m/src/views/admin/DashboardView.vue?vue&type=style&index=0&lang.css, /src/assets/main.css[22m
